// Jest Snapshot v1, https://goo.gl/fbAQLP

exports[`ER > Options > SelectBaseOption renders the list of options 1`] = `
<div>
  <div
    class="tabSectionOption"
  >
    <div
      class="jsx-1141087211 "
      data-test="testing-prefix-select"
    >
      <label
        class="jsx-2718078600 "
        data-test="testing-prefix-select-label"
      >
        <span
          class="jsx-2718078600"
        >
          Should I?
        </span>
      </label>
      <div
        class="jsx-3111771310 "
        data-test="testing-prefix-select-content"
      >
        <div
          class="jsx-15480391 "
          data-test="dhis2-uicore-box"
        >
          <div
            class="jsx-114080822 root"
            data-test="dhis2-uicore-singleselect"
          >
            <div
              class="jsx-114080822 root-input"
            >
              <div
                data-test="dhis2-uicore-select"
              >
                <div
                  class="jsx-1165050001 root dense"
                  data-test="dhis2-uicore-select-input"
                  tabindex="0"
                >
                  <div
                    class="jsx-1165050001 root-children"
                  >
                    <div
                      class="jsx-2240447017 jsx-4123978364 root"
                    >
                      <div
                        class="jsx-2240447017 jsx-4123978364 root-input"
                      >
                        <div
                          class="jsx-1323585369 root"
                        >
                          Option 3 label
                        </div>
                      </div>
                    </div>
                  </div>
                  <div
                    class="jsx-1165050001 root-right"
                  >
                    <svg
                      height="16"
                      viewBox="0 0 16 16"
                      width="16"
                      xmlns="http://www.w3.org/2000/svg"
                    >
                      <path
                        d="M4.146 6.146a.5.5 0 01.638-.057l.07.057L8 9.293l3.146-3.147a.5.5 0 01.638-.057l.07.057a.5.5 0 01.057.638l-.057.07-3.5 3.5a.5.5 0 01-.638.057l-.07-.057-3.5-3.5a.5.5 0 010-.708z"
                        fill="currentColor"
                      />
                    </svg>
                  </div>
                </div>
              </div>
            </div>
          </div>
        </div>
      </div>
    </div>
  </div>
</div>
`;
